// Jest Snapshot v1, https://goo.gl/fbAQLP

exports[`BurgerBuilder should render with no props 1`] = `
<Aux>
  <Modal
    onPurchaseCancelled={[Function]}
    showModal={false}
  />
  <Loader />
</Aux>
`;
